// Jest Snapshot v1, https://goo.gl/fbAQLP

exports[`Should NotFoundScreen render correctly 1`] = `
<div>
  <div
    style="display: none;"
  >
    <svg
      xmlns="http://www.w3.org/2000/svg"
    >
      <symbol
        data-testid="icon-arrow-select"
        id="icon-arrow-select"
        viewBox="0 0 7 4"
      >
        <path
          clip-rule="evenodd"
          d="M0 0l3.5 2.813L7 0v1.084L3.5 4 0 1.084V0z"
          fill-rule="evenodd"
        />
      </symbol>
      <symbol
        data-testid="icon-bookmark"
        id="icon-bookmark"
        viewBox="0 0 17 18"
      >
        <path
          d="M3.993 2.185l.017-.092V2c0-.554.449-1 .99-1h10c.522 0 .957.41.997.923l-2.736 14.59-4.814-2.407-.39-.195-.408.153L1.31 16.44 3.993 2.185z"
        />
      </symbol>
      <symbol
        data-testid="icon-star"
        id="icon-star"
        viewBox="0 0 13 12"
      >
        <path
          clip-rule="evenodd"
          d="M6.5 9.644L10.517 12 9.451 7.56 13 4.573l-4.674-.386L6.5 0 4.673 4.187 0 4.573 3.549 7.56 2.483 12 6.5 9.644z"
          fill-rule="evenodd"
        />
      </symbol>
    </svg>
  </div>
  <div
    class="page"
  >
    <header
      class="header"
    >
      <div
        class="container"
      >
        <div
          class="header__wrapper"
        >
          <div
            class="header__left"
          >
            <a
              class="header__logo-link header__logo-link--active"
              href="/"
            >
              <img
                alt="6 cities logo"
                class="header__logo"
                height="41"
                src="img/logo.svg"
                width="81"
              />
            </a>
          </div>
          <button
            hidden=""
            style="height: 50%; width: 80px; margin: 10px;"
          >
            Logout
          </button>
          <nav
            class="header__nav"
          >
            <ul
              class="header__nav-list"
            >
              <li
                class="header__nav-item user"
              >
                <a
                  class="header__nav-link header__nav-link--profile"
                  href="/login"
                >
                  <div
                    class="header__avatar-wrapper user__avatar-wrapper"
                  >
                    <img
                      src=""
                    />
                  </div>
                  <span
                    class="header__user-name user__name"
                  >
                    Sign in
                  </span>
                </a>
              </li>
            </ul>
          </nav>
        </div>
      </div>
    </header>
    <h1>
      404 Not Found
    </h1>
    <a
      href="/"
    >
      Нажмите, чтобы перейти на главную страницу.
    </a>
    <footer
      class="footer container"
    >
      <a
        class="footer__logo-link"
        href="/"
      >
        <img
          alt="6 cities logo"
          class="footer__logo"
          data-testid="footer__logo"
          height="33"
          src="img/logo.svg"
          width="64"
        />
      </a>
    </footer>
  </div>
</div>
`;
