// Jest Snapshot v1, https://goo.gl/fbAQLP

exports[`Should Footer render correctly 1`] = `
<img
  alt="6 cities logo"
  class="footer__logo"
  data-testid="footer__logo"
  height="33"
  src="img/logo.svg"
  width="64"
/>
`;

exports[`Should Footer render correctly 2`] = `
<img
  alt="6 cities logo"
  class="footer__logo"
  data-testid="footer__logo"
  height="33"
  src="img/logo.svg"
  width="64"
/>
`;
