// Jest Snapshot v1, https://goo.gl/fbAQLP

exports[`Should Loading render correctly 1`] = `
<p>
  Loading...
</p>
`;
